This is pdfTeX, Version 3.141592653-2.6-1.40.25 (TeX Live 2023/Debian) (preloaded format=pdflatex 2026.9.16)  30 SEP 2026 10:05
entering extended mode
 restricted \write18 enabled.
 %&-line parsing enabled.
**Main.tex
(./Main.tex
LaTeX2e <2023-11-01> patch level 1
L3 programming layer <2024-01-22>
(/usr/share/texlive/texmf-dist/tex/latex/ieeetran/IEEEtran.cls
Document Class: IEEEtran 2015/08/26 V1.8b by Michael Shell
-- See the "IEEEtran_HOWTO" manual for usage information.
-- http://www.michaelshell.org/tex/ieeetran/
\@IEEEtrantmpdimenA=\dimen140
\@IEEEtrantmpdimenB=\dimen141
\@IEEEtrantmpdimenC=\dimen142
\@IEEEtrantmpcountA=\count187
\@IEEEtrantmpcountB=\count188
\@IEEEtrantmpcountC=\count189
\@IEEEtrantmptoksA=\toks17
LaTeX Font Info:    Trying to load font information for OT1+ptm on input line 5
03.
(/usr/share/texlive/texmf-dist/tex/latex/psnfss/ot1ptm.fd
File: ot1ptm.fd 2001/06/04 font definitions for OT1/ptm.
)
-- Using 8.5in x 11in (letter) paper.
-- Using PDF output.
\@IEEEnormalsizeunitybaselineskip=\dimen143
-- This is a 10 point document.
\CLASSINFOnormalsizebaselineskip=\dimen144
\CLASSINFOnormalsizeunitybaselineskip=\dimen145
\IEEEnormaljot=\dimen146
LaTeX Font Info:    Font shape `OT1/ptm/bx/n' in size <5> not available
(Font)              Font shape `OT1/ptm/b/n' tried instead on input line 1090.
LaTeX Font Info:    Font shape `OT1/ptm/bx/it' in size <5> not available
(Font)              Font shape `OT1/ptm/b/it' tried instead on input line 1090.

LaTeX Font Info:    Font shape `OT1/ptm/bx/n' in size <7> not available
(Font)              Font shape `OT1/ptm/b/n' tried instead on input line 1090.
LaTeX Font Info:    Font shape `OT1/ptm/bx/it' in size <7> not available
(Font)              Font shape `OT1/ptm/b/it' tried instead on input line 1090.

LaTeX Font Info:    Font shape `OT1/ptm/bx/n' in size <8> not available
(Font)              Font shape `OT1/ptm/b/n' tried instead on input line 1090.
LaTeX Font Info:    Font shape `OT1/ptm/bx/it' in size <8> not available
(Font)              Font shape `OT1/ptm/b/it' tried instead on input line 1090.

LaTeX Font Info:    Font shape `OT1/ptm/bx/n' in size <9> not available
(Font)              Font shape `OT1/ptm/b/n' tried instead on input line 1090.
LaTeX Font Info:    Font shape `OT1/ptm/bx/it' in size <9> not available
(Font)              Font shape `OT1/ptm/b/it' tried instead on input line 1090.

LaTeX Font Info:    Font shape `OT1/ptm/bx/n' in size <10> not available
(Font)              Font shape `OT1/ptm/b/n' tried instead on input line 1090.
LaTeX Font Info:    Font shape `OT1/ptm/bx/it' in size <10> not available
(Font)              Font shape `OT1/ptm/b/it' tried instead on input line 1090.

LaTeX Font Info:    Font shape `OT1/ptm/bx/n' in size <11> not available
(Font)              Font shape `OT1/ptm/b/n' tried instead on input line 1090.
LaTeX Font Info:    Font shape `OT1/ptm/bx/it' in size <11> not available
(Font)              Font shape `OT1/ptm/b/it' tried instead on input line 1090.

LaTeX Font Info:    Font shape `OT1/ptm/bx/n' in size <12> not available
(Font)              Font shape `OT1/ptm/b/n' tried instead on input line 1090.
LaTeX Font Info:    Font shape `OT1/ptm/bx/it' in size <12> not available
(Font)              Font shape `OT1/ptm/b/it' tried instead on input line 1090.

LaTeX Font Info:    Font shape `OT1/ptm/bx/n' in size <17> not available
(Font)              Font shape `OT1/ptm/b/n' tried instead on input line 1090.
LaTeX Font Info:    Font shape `OT1/ptm/bx/it' in size <17> not available
(Font)              Font shape `OT1/ptm/b/it' tried instead on input line 1090.

LaTeX Font Info:    Font shape `OT1/ptm/bx/n' in size <20> not available
(Font)              Font shape `OT1/ptm/b/n' tried instead on input line 1090.
LaTeX Font Info:    Font shape `OT1/ptm/bx/it' in size <20> not available
(Font)              Font shape `OT1/ptm/b/it' tried instead on input line 1090.

LaTeX Font Info:    Font shape `OT1/ptm/bx/n' in size <24> not available
(Font)              Font shape `OT1/ptm/b/n' tried instead on input line 1090.
LaTeX Font Info:    Font shape `OT1/ptm/bx/it' in size <24> not available
(Font)              Font shape `OT1/ptm/b/it' tried instead on input line 1090.

\IEEEquantizedlength=\dimen147
\IEEEquantizedlengthdiff=\dimen148
\IEEEquantizedtextheightdiff=\dimen149
\IEEEilabelindentA=\dimen150
\IEEEilabelindentB=\dimen151
\IEEEilabelindent=\dimen152
\IEEEelabelindent=\dimen153
\IEEEdlabelindent=\dimen154
\IEEElabelindent=\dimen155
\IEEEiednormlabelsep=\dimen156
\IEEEiedmathlabelsep=\dimen157
\IEEEiedtopsep=\skip48
\c@section=\count190
\c@subsection=\count191
\c@subsubsection=\count192
\c@paragraph=\count193
\c@IEEEsubequation=\count194
\abovecaptionskip=\skip49
\belowcaptionskip=\skip50
\c@figure=\count195
\c@table=\count196
\@IEEEeqnnumcols=\count197
\@IEEEeqncolcnt=\count198
\@IEEEsubeqnnumrollback=\count199
\@IEEEquantizeheightA=\dimen158
\@IEEEquantizeheightB=\dimen159
\@IEEEquantizeheightC=\dimen160
\@IEEEquantizeprevdepth=\dimen161
\@IEEEquantizemultiple=\count266
\@IEEEquantizeboxA=\box51
\@IEEEtmpitemindent=\dimen162
\IEEEPARstartletwidth=\dimen163
\c@IEEEbiography=\count267
\@IEEEtranrubishbin=\box52
) (/usr/share/texlive/texmf-dist/tex/latex/acronym/acronym.sty
Package: acronym 2020/04/17 v1.47 Support for acronyms (Tobias Oetiker)

(/usr/share/texlive/texmf-dist/tex/latex/bigfoot/suffix.sty
Package: suffix 2006/07/15 1.5a Variant command support
)
(/usr/share/texlive/texmf-dist/tex/generic/xstring/xstring.sty
(/usr/share/texlive/texmf-dist/tex/generic/xstring/xstring.tex
\xs_counta=\count268
\xs_countb=\count269
)
Package: xstring 2023/08/22 v1.86 String manipulations (CT)
)
\AC@clearlist=\toks18
)
(/usr/share/texlive/texmf-dist/tex/latex/tools/bm.sty
Package: bm 2023/07/08 v1.2f Bold Symbol Support (DPC/FMi)
\symboldoperators=\mathgroup4
\symboldletters=\mathgroup5
\symboldsymbols=\mathgroup6
Package bm Info: No bold for \OMX/cmex/m/n, using \pmb.
LaTeX Font Info:    Redeclaring math alphabet \mathbf on input line 149.
)
(/usr/share/texlive/texmf-dist/tex/latex/booktabs/booktabs.sty
Package: booktabs 2020/01/12 v1.61803398 Publication quality tables
\heavyrulewidth=\dimen164
\lightrulewidth=\dimen165
\cmidrulewidth=\dimen166
\belowrulesep=\dimen167
\belowbottomsep=\dimen168
\aboverulesep=\dimen169
\abovetopsep=\dimen170
\cmidrulesep=\dimen171
\cmidrulekern=\dimen172
\defaultaddspace=\dimen173
\@cmidla=\count270
\@cmidlb=\count271
\@aboverulesep=\dimen174
\@belowrulesep=\dimen175
\@thisruleclass=\count272
\@lastruleclass=\count273
\@thisrulewidth=\dimen176
)
(/usr/share/texlive/texmf-dist/tex/latex/tools/tabularx.sty
Package: tabularx 2023/07/08 v2.11c `tabularx' package (DPC)

(/usr/share/texlive/texmf-dist/tex/latex/tools/array.sty
Package: array 2023/10/16 v2.5g Tabular extension package (FMi)
\col@sep=\dimen177
\ar@mcellbox=\box53
\extrarowheight=\dimen178
\NC@list=\toks19
\extratabsurround=\skip51
\backup@length=\skip52
\ar@cellbox=\box54
)
\TX@col@width=\dimen179
\TX@old@table=\dimen180
\TX@old@col=\dimen181
\TX@target=\dimen182
\TX@delta=\dimen183
\TX@cols=\count274
\TX@ftn=\toks20
)
(/usr/share/texlive/texmf-dist/tex/latex/sttools/stfloats.sty
Package: stfloats 2017/03/27 v3.3 Improve float mechanism and baselineskip sett
ings
\@dblbotnum=\count275
\c@dblbotnumber=\count276
)
(/usr/share/texlive/texmf-dist/tex/latex/siunitx/siunitx.sty
Package: siunitx 2024-01-25 v3.3.10 A comprehensive (SI) units package
\l__siunitx_number_uncert_offset_int=\count277
\l__siunitx_number_exponent_fixed_int=\count278
\l__siunitx_number_min_decimal_int=\count279
\l__siunitx_number_min_integer_int=\count280
\l__siunitx_number_round_precision_int=\count281
\l__siunitx_number_lower_threshold_int=\count282
\l__siunitx_number_upper_threshold_int=\count283
\l__siunitx_number_group_first_int=\count284
\l__siunitx_number_group_size_int=\count285
\l__siunitx_number_group_minimum_int=\count286
\l__siunitx_angle_tmp_dim=\dimen184
\l__siunitx_angle_marker_box=\box55
\l__siunitx_angle_unit_box=\box56
\l__siunitx_compound_count_int=\count287

(/usr/share/texlive/texmf-dist/tex/latex/translations/translations.sty
Package: translations 2022/02/05 v1.12 internationalization of LaTeX2e packages
 (CN)

(/usr/share/texlive/texmf-dist/tex/latex/etoolbox/etoolbox.sty
Package: etoolbox 2020/10/05 v2.5k e-TeX tools for LaTeX (JAW)
\etb@tempcnta=\count288
)
(/usr/share/texlive/texmf-dist/tex/generic/pdftexcmds/pdftexcmds.sty
Package: pdftexcmds 2020-06-27 v0.33 Utility functions of pdfTeX for LuaTeX (HO
)

(/usr/share/texlive/texmf-dist/tex/generic/infwarerr/infwarerr.sty
Package: infwarerr 2019/12/03 v1.5 Providing info/warning/error messages (HO)
)
(/usr/share/texlive/texmf-dist/tex/generic/iftex/iftex.sty
Package: iftex 2022/02/03 v1.0f TeX engine tests
)
(/usr/share/texlive/texmf-dist/tex/generic/ltxcmds/ltxcmds.sty
Package: ltxcmds 2023-12-04 v1.26 LaTeX kernel commands for general use (HO)
)
Package pdftexcmds Info: \pdf@primitive is available.
Package pdftexcmds Info: \pdf@ifprimitive is available.
Package pdftexcmds Info: \pdfdraftmode found.
))
(/usr/share/texlive/texmf-dist/tex/latex/amsmath/amstext.sty
Package: amstext 2021/08/26 v2.01 AMS text

(/usr/share/texlive/texmf-dist/tex/latex/amsmath/amsgen.sty
File: amsgen.sty 1999/11/30 v2.0 generic functions
\@emptytoks=\toks21
\ex@=\dimen185
))
\l__siunitx_table_tmp_box=\box57
\l__siunitx_table_tmp_dim=\dimen186
\l__siunitx_table_column_width_dim=\dimen187
\l__siunitx_table_integer_box=\box58
\l__siunitx_table_decimal_box=\box59
\l__siunitx_table_uncert_box=\box60
\l__siunitx_table_before_box=\box61
\l__siunitx_table_after_box=\box62
\l__siunitx_table_before_dim=\dimen188
\l__siunitx_table_carry_dim=\dimen189
\l__siunitx_unit_tmp_int=\count289
\l__siunitx_unit_position_int=\count290
\l__siunitx_unit_total_int=\count291
)
(/usr/share/texlive/texmf-dist/tex/latex/amsmath/amsmath.sty
Package: amsmath 2023/05/13 v2.17o AMS math features
\@mathmargin=\skip53

For additional information on amsmath, use the `?' option.
(/usr/share/texlive/texmf-dist/tex/latex/amsmath/amsbsy.sty
Package: amsbsy 1999/11/29 v1.2d Bold Symbols
LaTeX Info: Redefining \boldsymbol on input line 28.
\pmbraise@=\dimen190
)
(/usr/share/texlive/texmf-dist/tex/latex/amsmath/amsopn.sty
Package: amsopn 2022/04/08 v2.04 operator names
)
\inf@bad=\count292
LaTeX Info: Redefining \frac on input line 234.
\uproot@=\count293
\leftroot@=\count294
LaTeX Info: Redefining \overline on input line 399.
LaTeX Info: Redefining \colon on input line 410.
\classnum@=\count295
\DOTSCASE@=\count296
LaTeX Info: Redefining \ldots on input line 496.
LaTeX Info: Redefining \dots on input line 499.
LaTeX Info: Redefining \cdots on input line 620.
\Mathstrutbox@=\box63
\strutbox@=\box64
LaTeX Info: Redefining \big on input line 722.
LaTeX Info: Redefining \Big on input line 723.
LaTeX Info: Redefining \bigg on input line 724.
LaTeX Info: Redefining \Bigg on input line 725.
\big@size=\dimen191
LaTeX Font Info:    Redeclaring font encoding OML on input line 743.
LaTeX Font Info:    Redeclaring font encoding OMS on input line 744.
\macc@depth=\count297
LaTeX Info: Redefining \bmod on input line 905.
LaTeX Info: Redefining \pmod on input line 910.
LaTeX Info: Redefining \smash on input line 940.
LaTeX Info: Redefining \relbar on input line 970.
LaTeX Info: Redefining \Relbar on input line 971.
\c@MaxMatrixCols=\count298
\dotsspace@=\muskip16
\c@parentequation=\count299
\dspbrk@lvl=\count300
\tag@help=\toks22
\row@=\count301
\column@=\count302
\maxfields@=\count303
\andhelp@=\toks23
\eqnshift@=\dimen192
\alignsep@=\dimen193
\tagshift@=\dimen194
\tagwidth@=\dimen195
\totwidth@=\dimen196
\lineht@=\dimen197
\@envbody=\toks24
\multlinegap=\skip54
\multlinetaggap=\skip55
\mathdisplay@stack=\toks25
LaTeX Info: Redefining \[ on input line 2953.
LaTeX Info: Redefining \] on input line 2954.
)
(/usr/share/texlive/texmf-dist/tex/latex/amsfonts/amssymb.sty
Package: amssymb 2013/01/14 v3.01 AMS font symbols

(/usr/share/texlive/texmf-dist/tex/latex/amsfonts/amsfonts.sty
Package: amsfonts 2013/01/14 v3.01 Basic AMSFonts support
\symAMSa=\mathgroup7
\symAMSb=\mathgroup8
LaTeX Font Info:    Redeclaring math symbol \hbar on input line 98.
LaTeX Font Info:    Overwriting math alphabet `\mathfrak' in version `bold'
(Font)                  U/euf/m/n --> U/euf/b/n on input line 106.
))
(/usr/share/texlive/texmf-dist/tex/latex/amscls/amsthm.sty
Package: amsthm 2020/05/29 v2.20.6
\thm@style=\toks26
\thm@bodyfont=\toks27
\thm@headfont=\toks28
\thm@notefont=\toks29
\thm@headpunct=\toks30
\thm@preskip=\skip56
\thm@postskip=\skip57
\thm@headsep=\skip58
\dth@everypar=\toks31
)
\c@lemma=\count304

(/usr/share/texlive/texmf-dist/tex/latex/setspace/setspace.sty
Package: setspace 2022/12/04 v6.7b set line spacing
)
(/usr/share/texlive/texmf-dist/tex/latex/mathtools/mathtools.sty
Package: mathtools 2022/06/29 v1.29 mathematical typesetting tools

(/usr/share/texlive/texmf-dist/tex/latex/graphics/keyval.sty
Package: keyval 2022/05/29 v1.15 key=value parser (DPC)
\KV@toks@=\toks32
)
(/usr/share/texlive/texmf-dist/tex/latex/tools/calc.sty
Package: calc 2023/07/08 v4.3 Infix arithmetic (KKT,FJ)
\calc@Acount=\count305
\calc@Bcount=\count306
\calc@Adimen=\dimen198
\calc@Bdimen=\dimen199
\calc@Askip=\skip59
\calc@Bskip=\skip60
LaTeX Info: Redefining \setlength on input line 80.
LaTeX Info: Redefining \addtolength on input line 81.
\calc@Ccount=\count307
\calc@Cskip=\skip61
)
(/usr/share/texlive/texmf-dist/tex/latex/mathtools/mhsetup.sty
Package: mhsetup 2021/03/18 v1.4 programming setup (MH)
)
\g_MT_multlinerow_int=\count308
\l_MT_multwidth_dim=\dimen256
\origjot=\skip62
\l_MT_shortvdotswithinadjustabove_dim=\dimen257
\l_MT_shortvdotswithinadjustbelow_dim=\dimen258
\l_MT_above_intertext_sep=\dimen259
\l_MT_below_intertext_sep=\dimen260
\l_MT_above_shortintertext_sep=\dimen261
\l_MT_below_shortintertext_sep=\dimen262
\xmathstrut@box=\box65
\xmathstrut@dim=\dimen263
)
(/usr/share/texlive/texmf-dist/tex/latex/graphics/color.sty
Package: color 2022/01/06 v1.3d Standard LaTeX Color (DPC)

(/usr/share/texlive/texmf-dist/tex/latex/graphics-cfg/color.cfg
File: color.cfg 2016/01/02 v1.6 sample color configuration
)
Package color Info: Driver file: pdftex.def on input line 149.

(/usr/share/texlive/texmf-dist/tex/latex/graphics-def/pdftex.def
File: pdftex.def 2022/09/22 v1.2b Graphics/color driver for pdftex
)
(/usr/share/texlive/texmf-dist/tex/latex/graphics/mathcolor.ltx))
(/usr/share/texlive/texmf-dist/tex/latex/mhchem/mhchem.sty
Package: mhchem 2024/01/29 v4.10 for typesetting chemical formulae

(/usr/share/texlive/texmf-dist/tex/latex/l3kernel/expl3.sty
Package: expl3 2024-01-22 L3 programming layer (loader) 

(/usr/share/texlive/texmf-dist/tex/latex/l3backend/l3backend-pdftex.def
File: l3backend-pdftex.def 2024-01-04 L3 backend support: PDF output (pdfTeX)
\l__color_backend_stack_int=\count309
\l__pdf_internal_box=\box66
))
(/usr/share/texlive/texmf-dist/tex/latex/l3packages/l3keys2e/l3keys2e.sty
Package: l3keys2e 2023-10-10 LaTeX2e option processing using LaTeX3 keys
)
(/usr/share/texlive/texmf-dist/tex/latex/chemgreek/chemgreek.sty
(/usr/share/texlive/texmf-dist/tex/latex/l3packages/xparse/xparse.sty
Package: xparse 2023-10-10 L3 Experimental document command parser
)
Package: chemgreek 2020/01/16 v1.1a interface for upright Greek letters for use
 in chemistry (CN)
\l__chemgreek_tmpa_int=\count310
\g__chemgreek_tmpa_int=\count311
)
(/usr/share/texlive/texmf-dist/tex/latex/graphics/graphics.sty
Package: graphics 2022/03/10 v1.4e Standard LaTeX Graphics (DPC,SPQR)

(/usr/share/texlive/texmf-dist/tex/latex/graphics/trig.sty
Package: trig 2021/08/11 v1.11 sin cos tan (DPC)
)
(/usr/share/texlive/texmf-dist/tex/latex/graphics-cfg/graphics.cfg
File: graphics.cfg 2016/06/04 v1.11 sample graphics configuration
)
Package graphics Info: Driver file: pdftex.def on input line 107.
)
\l__mhchem_ce_distanceFromLastComma_int=\count312
\__mhchem_arrow_extPgfLength_skip=\skip63
\mhchem@minispace@tmp=\skip64
\mhchem@minibackspace@tmp=\skip65
\mhchem@bondwidth=\skip66
\mhchem@bondheight=\skip67
\mhchem@smallbondwidth@tmpA=\skip68
\mhchem@smallbondwidth@tmpB=\skip69
\mhchem@smallbondwidth=\skip70
\mhchem@bondtmp@minussidebearingleft=\skip71
\mhchem@bondtmp@minussidebearingright=\skip72
\l__mhchem_option_version_int=\count313
\mhchem@option@minusmathsidebearingleft=\dimen264
\mhchem@option@minusmathsidebearingright=\dimen265
\mhchem@option@minustextsidebearingleft=\dimen266
\mhchem@option@minustextsidebearingright=\dimen267
)
(/usr/share/texlive/texmf-dist/tex/latex/float/float.sty
Package: float 2001/11/08 v1.3d Float enhancements (AL)
\c@float@type=\count314
\float@exts=\toks33
\float@box=\box67
\@float@everytoks=\toks34
\@floatcapt=\box68
)
(/usr/share/texlive/texmf-dist/tex/latex/stmaryrd/stmaryrd.sty
Package: stmaryrd 1994/03/03 St Mary's Road symbol package
\symstmry=\mathgroup9
LaTeX Font Info:    Overwriting symbol font `stmry' in version `bold'
(Font)                  U/stmry/m/n --> U/stmry/b/n on input line 89.
)
(/usr/share/texlive/texmf-dist/tex/generic/soul/soul.sty
Package: soul 2023-06-14 v3.1 Permit use of UTF-8 characters in soul (HO)

(/usr/share/texlive/texmf-dist/tex/generic/soul/soul-ori.sty
Package: soul-ori 2023-06-14 v3.1 letterspacing/underlining (mf)
\SOUL@word=\toks35
\SOUL@lasttoken=\toks36
\SOUL@syllable=\toks37
\SOUL@cmds=\toks38
\SOUL@buffer=\toks39
\SOUL@token=\toks40
\SOUL@syllgoal=\dimen268
\SOUL@syllwidth=\dimen269
\SOUL@charkern=\dimen270
\SOUL@hyphkern=\dimen271
\SOUL@dimen=\dimen272
\SOUL@dimeni=\dimen273
\SOUL@minus=\count315
\SOUL@comma=\count316
\SOUL@apo=\count317
\SOUL@grave=\count318
\SOUL@spaceskip=\skip73
\SOUL@ttwidth=\dimen274
\SOUL@uldp=\dimen275
\SOUL@ulht=\dimen276
)
(/usr/share/texlive/texmf-dist/tex/generic/etexcmds/etexcmds.sty
Package: etexcmds 2019/12/15 v1.7 Avoid name clashes with e-TeX commands (HO)
))
(/usr/share/texlive/texmf-dist/tex/latex/oberdiek/stackrel.sty
Package: stackrel 2016/05/16 v1.3 Adding subscript option to stackrel (HO)
)
(/usr/share/texlive/texmf-dist/tex/latex/epstopdf-pkg/epstopdf.sty
Package: epstopdf 2020-01-24 v2.11 Conversion with epstopdf on the fly (HO)

(/usr/share/texlive/texmf-dist/tex/latex/grfext/grfext.sty
Package: grfext 2019/12/03 v1.3 Manage graphics extensions (HO)

(/usr/share/texlive/texmf-dist/tex/generic/kvdefinekeys/kvdefinekeys.sty
Package: kvdefinekeys 2019-12-19 v1.6 Define keys (HO)
))
(/usr/share/texlive/texmf-dist/tex/latex/kvoptions/kvoptions.sty
Package: kvoptions 2022-06-15 v3.15 Key value format for package options (HO)

(/usr/share/texlive/texmf-dist/tex/latex/kvsetkeys/kvsetkeys.sty
Package: kvsetkeys 2022-10-05 v1.19 Key value parser (HO)
))
(/usr/share/texlive/texmf-dist/tex/latex/epstopdf-pkg/epstopdf-base.sty
Package: epstopdf-base 2020-01-24 v2.11 Base part for package epstopdf
Package epstopdf-base Info: Redefining graphics rule for `.eps' on input line 4
85.
Package grfext Info: Graphics extension search list:
(grfext)             [.pdf,.png,.jpg,.mps,.jpeg,.jbig2,.jb2,.PDF,.PNG,.JPG,.JPE
G,.JBIG2,.JB2,.eps]
(grfext)             \AppendGraphicsExtensions on input line 504.

(/usr/share/texlive/texmf-dist/tex/latex/latexconfig/epstopdf-sys.cfg
File: epstopdf-sys.cfg 2010/07/13 v1.3 Configuration of (r)epstopdf for TeX Liv
e
)))
(/usr/share/texlive/texmf-dist/tex/latex/url/url.sty
\Urlmuskip=\muskip17
Package: url 2013/09/16  ver 3.4  Verb mode for urls, etc.
)
(/usr/share/texlive/texmf-dist/tex/latex/cite/cite.sty
LaTeX Info: Redefining \cite on input line 302.
LaTeX Info: Redefining \nocite on input line 332.
Package: cite 2015/02/27  v 5.5
)
(/usr/share/texlive/texmf-dist/tex/latex/pgf/frontendlayer/tikz.sty
(/usr/share/texlive/texmf-dist/tex/latex/pgf/basiclayer/pgf.sty
(/usr/share/texlive/texmf-dist/tex/latex/pgf/utilities/pgfrcs.sty
(/usr/share/texlive/texmf-dist/tex/generic/pgf/utilities/pgfutil-common.tex
\pgfutil@everybye=\toks41
\pgfutil@tempdima=\dimen277
\pgfutil@tempdimb=\dimen278
)
(/usr/share/texlive/texmf-dist/tex/generic/pgf/utilities/pgfutil-latex.def
\pgfutil@abb=\box69
)
(/usr/share/texlive/texmf-dist/tex/generic/pgf/utilities/pgfrcs.code.tex
(/usr/share/texlive/texmf-dist/tex/generic/pgf/pgf.revision.tex)
Package: pgfrcs 2023-01-15 v3.1.10 (3.1.10)
))
Package: pgf 2023-01-15 v3.1.10 (3.1.10)

(/usr/share/texlive/texmf-dist/tex/latex/pgf/basiclayer/pgfcore.sty
(/usr/share/texlive/texmf-dist/tex/latex/graphics/graphicx.sty
Package: graphicx 2021/09/16 v1.2d Enhanced LaTeX Graphics (DPC,SPQR)
\Gin@req@height=\dimen279
\Gin@req@width=\dimen280
)
(/usr/share/texlive/texmf-dist/tex/latex/pgf/systemlayer/pgfsys.sty
(/usr/share/texlive/texmf-dist/tex/generic/pgf/systemlayer/pgfsys.code.tex
Package: pgfsys 2023-01-15 v3.1.10 (3.1.10)

(/usr/share/texlive/texmf-dist/tex/generic/pgf/utilities/pgfkeys.code.tex
\pgfkeys@pathtoks=\toks42
\pgfkeys@temptoks=\toks43

(/usr/share/texlive/texmf-dist/tex/generic/pgf/utilities/pgfkeyslibraryfiltered
.code.tex
\pgfkeys@tmptoks=\toks44
))
\pgf@x=\dimen281
\pgf@y=\dimen282
\pgf@xa=\dimen283
\pgf@ya=\dimen284
\pgf@xb=\dimen285
\pgf@yb=\dimen286
\pgf@xc=\dimen287
\pgf@yc=\dimen288
\pgf@xd=\dimen289
\pgf@yd=\dimen290
\w@pgf@writea=\write3
\r@pgf@reada=\read2
\c@pgf@counta=\count319
\c@pgf@countb=\count320
\c@pgf@countc=\count321
\c@pgf@countd=\count322
\t@pgf@toka=\toks45
\t@pgf@tokb=\toks46
\t@pgf@tokc=\toks47
\pgf@sys@id@count=\count323
 (/usr/share/texlive/texmf-dist/tex/generic/pgf/systemlayer/pgf.cfg
File: pgf.cfg 2023-01-15 v3.1.10 (3.1.10)
)
Driver file for pgf: pgfsys-pdftex.def
(/usr/share/texlive/texmf-dist/tex/generic/pgf/systemlayer/pgfsys-pdftex.def
File: pgfsys-pdftex.def 2023-01-15 v3.1.10 (3.1.10)

(/usr/share/texlive/texmf-dist/tex/generic/pgf/systemlayer/pgfsys-common-pdf.de
f
File: pgfsys-common-pdf.def 2023-01-15 v3.1.10 (3.1.10)
)))
(/usr/share/texlive/texmf-dist/tex/generic/pgf/systemlayer/pgfsyssoftpath.code.
tex
File: pgfsyssoftpath.code.tex 2023-01-15 v3.1.10 (3.1.10)
\pgfsyssoftpath@smallbuffer@items=\count324
\pgfsyssoftpath@bigbuffer@items=\count325
)
(/usr/share/texlive/texmf-dist/tex/generic/pgf/systemlayer/pgfsysprotocol.code.
tex
File: pgfsysprotocol.code.tex 2023-01-15 v3.1.10 (3.1.10)
)) (/usr/share/texlive/texmf-dist/tex/latex/xcolor/xcolor.sty
Package: xcolor 2023/11/15 v3.01 LaTeX color extensions (UK)

(/usr/share/texlive/texmf-dist/tex/latex/graphics-cfg/color.cfg
File: color.cfg 2016/01/02 v1.6 sample color configuration
)
Package xcolor Info: Driver file: pdftex.def on input line 274.
LaTeX Info: Redefining \color on input line 758.

(/usr/share/texlive/texmf-dist/tex/latex/graphics/mathcolor.ltx)
Package xcolor Info: Model `cmy' substituted by `cmy0' on input line 1350.
Package xcolor Info: Model `hsb' substituted by `rgb' on input line 1354.
Package xcolor Info: Model `RGB' extended on input line 1366.
Package xcolor Info: Model `HTML' substituted by `rgb' on input line 1368.
Package xcolor Info: Model `Hsb' substituted by `hsb' on input line 1369.
Package xcolor Info: Model `tHsb' substituted by `hsb' on input line 1370.
Package xcolor Info: Model `HSB' substituted by `hsb' on input line 1371.
Package xcolor Info: Model `Gray' substituted by `gray' on input line 1372.
Package xcolor Info: Model `wave' substituted by `hsb' on input line 1373.
)
(/usr/share/texlive/texmf-dist/tex/generic/pgf/basiclayer/pgfcore.code.tex
Package: pgfcore 2023-01-15 v3.1.10 (3.1.10)

(/usr/share/texlive/texmf-dist/tex/generic/pgf/math/pgfmath.code.tex
(/usr/share/texlive/texmf-dist/tex/generic/pgf/math/pgfmathutil.code.tex)
(/usr/share/texlive/texmf-dist/tex/generic/pgf/math/pgfmathparser.code.tex
\pgfmath@dimen=\dimen291
\pgfmath@count=\count326
\pgfmath@box=\box70
\pgfmath@toks=\toks48
\pgfmath@stack@operand=\toks49
\pgfmath@stack@operation=\toks50
)
(/usr/share/texlive/texmf-dist/tex/generic/pgf/math/pgfmathfunctions.code.tex)
(/usr/share/texlive/texmf-dist/tex/generic/pgf/math/pgfmathfunctions.basic.code
.tex)
(/usr/share/texlive/texmf-dist/tex/generic/pgf/math/pgfmathfunctions.trigonomet
ric.code.tex)
(/usr/share/texlive/texmf-dist/tex/generic/pgf/math/pgfmathfunctions.random.cod
e.tex)
(/usr/share/texlive/texmf-dist/tex/generic/pgf/math/pgfmathfunctions.comparison
.code.tex)
(/usr/share/texlive/texmf-dist/tex/generic/pgf/math/pgfmathfunctions.base.code.
tex)
(/usr/share/texlive/texmf-dist/tex/generic/pgf/math/pgfmathfunctions.round.code
.tex)
(/usr/share/texlive/texmf-dist/tex/generic/pgf/math/pgfmathfunctions.misc.code.
tex)
(/usr/share/texlive/texmf-dist/tex/generic/pgf/math/pgfmathfunctions.integerari
thmetics.code.tex)
(/usr/share/texlive/texmf-dist/tex/generic/pgf/math/pgfmathcalc.code.tex)
(/usr/share/texlive/texmf-dist/tex/generic/pgf/math/pgfmathfloat.code.tex
\c@pgfmathroundto@lastzeros=\count327
))
(/usr/share/texlive/texmf-dist/tex/generic/pgf/math/pgfint.code.tex)
(/usr/share/texlive/texmf-dist/tex/generic/pgf/basiclayer/pgfcorepoints.code.te
x
File: pgfcorepoints.code.tex 2023-01-15 v3.1.10 (3.1.10)
\pgf@picminx=\dimen292
\pgf@picmaxx=\dimen293
\pgf@picminy=\dimen294
\pgf@picmaxy=\dimen295
\pgf@pathminx=\dimen296
\pgf@pathmaxx=\dimen297
\pgf@pathminy=\dimen298
\pgf@pathmaxy=\dimen299
\pgf@xx=\dimen300
\pgf@xy=\dimen301
\pgf@yx=\dimen302
\pgf@yy=\dimen303
\pgf@zx=\dimen304
\pgf@zy=\dimen305
)
(/usr/share/texlive/texmf-dist/tex/generic/pgf/basiclayer/pgfcorepathconstruct.
code.tex
File: pgfcorepathconstruct.code.tex 2023-01-15 v3.1.10 (3.1.10)
\pgf@path@lastx=\dimen306
\pgf@path@lasty=\dimen307
)
(/usr/share/texlive/texmf-dist/tex/generic/pgf/basiclayer/pgfcorepathusage.code
.tex
File: pgfcorepathusage.code.tex 2023-01-15 v3.1.10 (3.1.10)
\pgf@shorten@end@additional=\dimen308
\pgf@shorten@start@additional=\dimen309
)
(/usr/share/texlive/texmf-dist/tex/generic/pgf/basiclayer/pgfcorescopes.code.te
x
File: pgfcorescopes.code.tex 2023-01-15 v3.1.10 (3.1.10)
\pgfpic=\box71
\pgf@hbox=\box72
\pgf@layerbox@main=\box73
\pgf@picture@serial@count=\count328
)
(/usr/share/texlive/texmf-dist/tex/generic/pgf/basiclayer/pgfcoregraphicstate.c
ode.tex
File: pgfcoregraphicstate.code.tex 2023-01-15 v3.1.10 (3.1.10)
\pgflinewidth=\dimen310
)
(/usr/share/texlive/texmf-dist/tex/generic/pgf/basiclayer/pgfcoretransformation
s.code.tex
File: pgfcoretransformations.code.tex 2023-01-15 v3.1.10 (3.1.10)
\pgf@pt@x=\dimen311
\pgf@pt@y=\dimen312
\pgf@pt@temp=\dimen313
)
(/usr/share/texlive/texmf-dist/tex/generic/pgf/basiclayer/pgfcorequick.code.tex
File: pgfcorequick.code.tex 2023-01-15 v3.1.10 (3.1.10)
)
(/usr/share/texlive/texmf-dist/tex/generic/pgf/basiclayer/pgfcoreobjects.code.t
ex
File: pgfcoreobjects.code.tex 2023-01-15 v3.1.10 (3.1.10)
)
(/usr/share/texlive/texmf-dist/tex/generic/pgf/basiclayer/pgfcorepathprocessing
.code.tex
File: pgfcorepathprocessing.code.tex 2023-01-15 v3.1.10 (3.1.10)
)
(/usr/share/texlive/texmf-dist/tex/generic/pgf/basiclayer/pgfcorearrows.code.te
x
File: pgfcorearrows.code.tex 2023-01-15 v3.1.10 (3.1.10)
\pgfarrowsep=\dimen314
)
(/usr/share/texlive/texmf-dist/tex/generic/pgf/basiclayer/pgfcoreshade.code.tex
File: pgfcoreshade.code.tex 2023-01-15 v3.1.10 (3.1.10)
\pgf@max=\dimen315
\pgf@sys@shading@range@num=\count329
\pgf@shadingcount=\count330
)
(/usr/share/texlive/texmf-dist/tex/generic/pgf/basiclayer/pgfcoreimage.code.tex
File: pgfcoreimage.code.tex 2023-01-15 v3.1.10 (3.1.10)
)
(/usr/share/texlive/texmf-dist/tex/generic/pgf/basiclayer/pgfcoreexternal.code.
tex
File: pgfcoreexternal.code.tex 2023-01-15 v3.1.10 (3.1.10)
\pgfexternal@startupbox=\box74
)
(/usr/share/texlive/texmf-dist/tex/generic/pgf/basiclayer/pgfcorelayers.code.te
x
File: pgfcorelayers.code.tex 2023-01-15 v3.1.10 (3.1.10)
)
(/usr/share/texlive/texmf-dist/tex/generic/pgf/basiclayer/pgfcoretransparency.c
ode.tex
File: pgfcoretransparency.code.tex 2023-01-15 v3.1.10 (3.1.10)
)
(/usr/share/texlive/texmf-dist/tex/generic/pgf/basiclayer/pgfcorepatterns.code.
tex
File: pgfcorepatterns.code.tex 2023-01-15 v3.1.10 (3.1.10)
)
(/usr/share/texlive/texmf-dist/tex/generic/pgf/basiclayer/pgfcorerdf.code.tex
File: pgfcorerdf.code.tex 2023-01-15 v3.1.10 (3.1.10)
)))
(/usr/share/texlive/texmf-dist/tex/generic/pgf/modules/pgfmoduleshapes.code.tex
File: pgfmoduleshapes.code.tex 2023-01-15 v3.1.10 (3.1.10)
\pgfnodeparttextbox=\box75
) (/usr/share/texlive/texmf-dist/tex/generic/pgf/modules/pgfmoduleplot.code.tex
File: pgfmoduleplot.code.tex 2023-01-15 v3.1.10 (3.1.10)
)
(/usr/share/texlive/texmf-dist/tex/latex/pgf/compatibility/pgfcomp-version-0-65
.sty
Package: pgfcomp-version-0-65 2023-01-15 v3.1.10 (3.1.10)
\pgf@nodesepstart=\dimen316
\pgf@nodesepend=\dimen317
)
(/usr/share/texlive/texmf-dist/tex/latex/pgf/compatibility/pgfcomp-version-1-18
.sty
Package: pgfcomp-version-1-18 2023-01-15 v3.1.10 (3.1.10)
)) (/usr/share/texlive/texmf-dist/tex/latex/pgf/utilities/pgffor.sty
(/usr/share/texlive/texmf-dist/tex/latex/pgf/utilities/pgfkeys.sty
(/usr/share/texlive/texmf-dist/tex/generic/pgf/utilities/pgfkeys.code.tex))
(/usr/share/texlive/texmf-dist/tex/latex/pgf/math/pgfmath.sty
(/usr/share/texlive/texmf-dist/tex/generic/pgf/math/pgfmath.code.tex))
(/usr/share/texlive/texmf-dist/tex/generic/pgf/utilities/pgffor.code.tex
Package: pgffor 2023-01-15 v3.1.10 (3.1.10)
\pgffor@iter=\dimen318
\pgffor@skip=\dimen319
\pgffor@stack=\toks51
\pgffor@toks=\toks52
))
(/usr/share/texlive/texmf-dist/tex/generic/pgf/frontendlayer/tikz/tikz.code.tex
Package: tikz 2023-01-15 v3.1.10 (3.1.10)

(/usr/share/texlive/texmf-dist/tex/generic/pgf/libraries/pgflibraryplothandlers
.code.tex
File: pgflibraryplothandlers.code.tex 2023-01-15 v3.1.10 (3.1.10)
\pgf@plot@mark@count=\count331
\pgfplotmarksize=\dimen320
)
\tikz@lastx=\dimen321
\tikz@lasty=\dimen322
\tikz@lastxsaved=\dimen323
\tikz@lastysaved=\dimen324
\tikz@lastmovetox=\dimen325
\tikz@lastmovetoy=\dimen326
\tikzleveldistance=\dimen327
\tikzsiblingdistance=\dimen328
\tikz@figbox=\box76
\tikz@figbox@bg=\box77
\tikz@tempbox=\box78
\tikz@tempbox@bg=\box79
\tikztreelevel=\count332
\tikznumberofchildren=\count333
\tikznumberofcurrentchild=\count334
\tikz@fig@count=\count335

(/usr/share/texlive/texmf-dist/tex/generic/pgf/modules/pgfmodulematrix.code.tex
File: pgfmodulematrix.code.tex 2023-01-15 v3.1.10 (3.1.10)
\pgfmatrixcurrentrow=\count336
\pgfmatrixcurrentcolumn=\count337
\pgf@matrix@numberofcolumns=\count338
)
\tikz@expandcount=\count339

(/usr/share/texlive/texmf-dist/tex/generic/pgf/frontendlayer/tikz/libraries/tik
zlibrarytopaths.code.tex
File: tikzlibrarytopaths.code.tex 2023-01-15 v3.1.10 (3.1.10)
)))
(/usr/share/texlive/texmf-dist/tex/generic/pgf/frontendlayer/tikz/libraries/tik
zlibraryautomata.code.tex
File: tikzlibraryautomata.code.tex 2023-01-15 v3.1.10 (3.1.10)

(/usr/share/texlive/texmf-dist/tex/generic/pgf/frontendlayer/tikz/libraries/tik
zlibraryshapes.multipart.code.tex
File: tikzlibraryshapes.multipart.code.tex 2023-01-15 v3.1.10 (3.1.10)

(/usr/share/texlive/texmf-dist/tex/generic/pgf/libraries/shapes/pgflibraryshape
s.multipart.code.tex
File: pgflibraryshapes.multipart.code.tex 2023-01-15 v3.1.10 (3.1.10)
\pgfnodepartlowerbox=\box80
\pgfnodeparttwobox=\box81
\pgfnodepartthreebox=\box82
\pgfnodepartfourbox=\box83
\pgfnodeparttwentybox=\box84
\pgfnodepartnineteenbox=\box85
\pgfnodeparteighteenbox=\box86
\pgfnodepartseventeenbox=\box87
\pgfnodepartsixteenbox=\box88
\pgfnodepartfifteenbox=\box89
\pgfnodepartfourteenbox=\box90
\pgfnodepartthirteenbox=\box91
\pgfnodeparttwelvebox=\box92
\pgfnodepartelevenbox=\box93
\pgfnodeparttenbox=\box94
\pgfnodepartninebox=\box95
\pgfnodeparteightbox=\box96
\pgfnodepartsevenbox=\box97
\pgfnodepartsixbox=\box98
\pgfnodepartfivebox=\box99
)))
(/usr/share/texlive/texmf-dist/tex/generic/pgf/frontendlayer/tikz/libraries/tik
zlibraryarrows.code.tex
File: tikzlibraryarrows.code.tex 2023-01-15 v3.1.10 (3.1.10)

(/usr/share/texlive/texmf-dist/tex/generic/pgf/libraries/pgflibraryarrows.code.
tex
File: pgflibraryarrows.code.tex 2023-01-15 v3.1.10 (3.1.10)
\arrowsize=\dimen329
))
(/usr/share/texlive/texmf-dist/tex/generic/pgf/frontendlayer/tikz/libraries/tik
zlibrarypositioning.code.tex
File: tikzlibrarypositioning.code.tex 2023-01-15 v3.1.10 (3.1.10)
)
(/usr/share/texlive/texmf-dist/tex/generic/pgf/frontendlayer/tikz/libraries/tik
zlibrarycalc.code.tex
File: tikzlibrarycalc.code.tex 2023-01-15 v3.1.10 (3.1.10)
)
(/usr/share/texlive/texmf-dist/tex/latex/bigints/bigints.sty
Package: bigints 2010/02/15 Writing big integrals
Package bigints Info: This is Bigints by Merciadri Luca. on input line 5.
)
(/usr/share/texlive/texmf-dist/tex/latex/bbm-macros/bbm.sty
Package: bbm 1999/03/15 V 1.2 provides fonts for set symbols - TH
LaTeX Font Info:    Overwriting math alphabet `\mathbbm' in version `bold'
(Font)                  U/bbm/m/n --> U/bbm/bx/n on input line 33.
LaTeX Font Info:    Overwriting math alphabet `\mathbbmss' in version `bold'
(Font)                  U/bbmss/m/n --> U/bbmss/bx/n on input line 35.
)
(/usr/share/texlive/texmf-dist/tex/latex/doublestroke/dsfont.sty
Package: dsfont 1995/08/01 v0.1 Double stroke roman fonts
)
(./acronyms.tex)
Package translations Info: No language package found. I am going to use `englis
h' as default language. on input line 101.
 (./Main.aux)
\openout1 = `Main.aux'.

LaTeX Font Info:    Checking defaults for OML/cmm/m/it on input line 101.
LaTeX Font Info:    ... okay on input line 101.
LaTeX Font Info:    Checking defaults for OMS/cmsy/m/n on input line 101.
LaTeX Font Info:    ... okay on input line 101.
LaTeX Font Info:    Checking defaults for OT1/cmr/m/n on input line 101.
LaTeX Font Info:    ... okay on input line 101.
LaTeX Font Info:    Checking defaults for T1/cmr/m/n on input line 101.
LaTeX Font Info:    ... okay on input line 101.
LaTeX Font Info:    Checking defaults for TS1/cmr/m/n on input line 101.
LaTeX Font Info:    ... okay on input line 101.
LaTeX Font Info:    Checking defaults for OMX/cmex/m/n on input line 101.
LaTeX Font Info:    ... okay on input line 101.
LaTeX Font Info:    Checking defaults for U/cmr/m/n on input line 101.
LaTeX Font Info:    ... okay on input line 101.

-- Lines per column: 58 (exact).

(/usr/share/texlive/texmf-dist/tex/latex/translations/translations-basic-dictio
nary-english.trsl
File: translations-basic-dictionary-english.trsl (english translation file `tra
nslations-basic-dictionary')
)
Package translations Info: loading dictionary `translations-basic-dictionary' f
or `english'. on input line 101.

(/usr/share/texlive/texmf-dist/tex/context/base/mkii/supp-pdf.mkii
[Loading MPS to PDF converter (version 2006.09.02).]
\scratchcounter=\count340
\scratchdimen=\dimen330
\scratchbox=\box100
\nofMPsegments=\count341
\nofMParguments=\count342
\everyMPshowfont=\toks53
\MPscratchCnt=\count343
\MPscratchDim=\dimen331
\MPnumerator=\count344
\makeMPintoPDFobject=\count345
\everyMPtoPDFconversion=\toks54
)

Package chemgreek Info: Activating mapping `default' on line 101.

 (./sections/model.tex
Underfull \hbox (badness 10000) in paragraph at lines 158--7

 []

LaTeX Font Info:    Trying to load font information for U+msa on input line 11.

(/usr/share/texlive/texmf-dist/tex/latex/amsfonts/umsa.fd
File: umsa.fd 2013/01/14 v3.01 AMS symbols A
)
LaTeX Font Info:    Trying to load font information for U+msb on input line 11.


(/usr/share/texlive/texmf-dist/tex/latex/amsfonts/umsb.fd
File: umsb.fd 2013/01/14 v3.01 AMS symbols B
)
LaTeX Font Info:    Trying to load font information for U+stmry on input line 1
1.

(/usr/share/texlive/texmf-dist/tex/latex/stmaryrd/Ustmry.fd)

LaTeX Warning: Citation `gillespie1977' on page 1 undefined on input line 24.


LaTeX Warning: Reference `tab:m0rxn' on page 1 undefined on input line 35.


LaTeX Warning: Reference `tab:hill' on page 1 undefined on input line 58.

[1{/var/lib/texmf/fonts/map/pdftex/updmap/pdftex.map}{/usr/share/texlive/texmf-
dist/fonts/enc/dvips/base/8r.enc}


]

LaTeX Warning: Citation `segall1995' on page 2 undefined on input line 81.


LaTeX Warning: Citation `maeda2004' on page 2 undefined on input line 81.


LaTeX Warning: Citation `laub1998' on page 2 undefined on input line 81.


LaTeX Warning: Citation `matsuoka2018' on page 2 undefined on input line 81.


LaTeX Warning: Reference `sec:conv' on page 2 undefined on input line 81.


LaTeX Warning: Citation `nakajima2014' on page 2 undefined on input line 81.


LaTeX Warning: Citation `wiesmuller1992' on page 2 undefined on input line 81.


LaTeX Warning: Citation `coyle2016' on page 2 undefined on input line 81.


LaTeX Warning: Citation `yeh1978' on page 2 undefined on input line 81.

(./sections/m0.tex

LaTeX Warning: Citation `ford2023' on page 2 undefined on input line 4.


LaTeX Warning: Citation `gregor2010' on page 2 undefined on input line 5.


LaTeX Warning: Citation `sgro2015' on page 2 undefined on input line 5.


LaTeX Warning: Citation `laub1998' on page 2 undefined on input line 6.


LaTeX Warning: Citation `maeda2004' on page 2 undefined on input line 6.

(./sections/tables/tab_m0_rxn.tex

LaTeX Font Warning: Font shape `OT1/ptm/m/scit' undefined
(Font)              using `OT1/ptm/m/it' instead on input line 3.


LaTeX Warning: Reference `sec:hill' on page 2 undefined on input line 3.

) (./sections/tables/tab_m0_const.tex

LaTeX Warning: Reference `sec:conv' on page 2 undefined on input line 3.


LaTeX Warning: Citation `ford2023' on page 2 undefined on input line 33.


LaTeX Warning: Reference `sec:hill' on page 2 undefined on input line 33.


LaTeX Warning: Citation `maeda1996' on page 2 undefined on input line 33.

) [2]
Underfull \vbox (badness 10000) has occurred while \output is active []


Underfull \vbox (badness 10000) has occurred while \output is active []

 [3]
Underfull \hbox (badness 3471) in paragraph at lines 15--16
[]\OT1/ptm/m/n/10 Spontaneous ig-ni-tion: a rare, competence-gated
 []


LaTeX Warning: Citation `schlogl1972' on page 4 undefined on input line 16.


LaTeX Warning: Citation `fitzhugh1961' on page 4 undefined on input line 17.


LaTeX Warning: Citation `nagumo1962' on page 4 undefined on input line 17.


LaTeX Warning: Reference `tab:m0const' on page 4 undefined on input line 17.


LaTeX Warning: Citation `maeda2004' on page 4 undefined on input line 18.


LaTeX Warning: Citation `ford2023' on page 4 undefined on input line 18.


LaTeX Warning: Citation `maeda1996' on page 4 undefined on input line 20.


LaTeX Warning: Citation `segall1995' on page 4 undefined on input line 21.


LaTeX Warning: Reference `tab:m0const' on page 4 undefined on input line 25.


LaTeX Warning: Citation `ford2023' on page 4 undefined on input line 28.


LaTeX Warning: Citation `ford2023' on page 4 undefined on input line 29.


LaTeX Warning: Citation `maeda2004' on page 4 undefined on input line 30.


Underfull \vbox (badness 10000) has occurred while \output is active []



LaTeX Warning: Reference `tab:hill' on page 4 undefined on input line 33.

) (./sections/m1.tex

LaTeX Warning: Citation `vanhaastert1984' on page 4 undefined on input line 5.


LaTeX Warning: Citation `vaughan1988' on page 4 undefined on input line 6.


LaTeX Warning: Citation `hereld1994' on page 4 undefined on input line 6.


LaTeX Warning: Citation `caterina1995a' on page 4 undefined on input line 6.


LaTeX Warning: Citation `caterina1995b' on page 4 undefined on input line 6.


LaTeX Warning: Citation `biswas2021' on page 4 undefined on input line 8.


LaTeX Warning: Citation `biswas2021' on page 4 undefined on input line 8.


LaTeX Warning: Reference `tab:m1brx' on page 4 undefined on input line 8.

(./sections/tables/tab_m1_rxn.tex) (./sections/tables/tab_m1_const.tex

LaTeX Warning: Citation `biswas2021' on page 4 undefined on input line 26.


LaTeX Warning: Citation `biswas2021' on page 4 undefined on input line 26.


LaTeX Warning: Citation `vanhaastert1984' on page 4 undefined on input line 26.



LaTeX Warning: Citation `vanhaastert1984' on page 4 undefined on input line 26.



LaTeX Warning: Citation `vanhaastert1984' on page 4 undefined on input line 26.



LaTeX Warning: Citation `caterina1995b' on page 4 undefined on input line 26.


LaTeX Warning: Citation `caterina1995a' on page 4 undefined on input line 26.


LaTeX Warning: Citation `vanhaastert1984' on page 4 undefined on input line 26.



LaTeX Warning: Citation `vaughan1988' on page 4 undefined on input line 26.


LaTeX Warning: Citation `vaughan1988' on page 4 undefined on input line 26.


LaTeX Warning: Citation `hereld1994' on page 4 undefined on input line 26.


LaTeX Warning: Citation `vanhaastert1984' on page 4 undefined on input line 26.



LaTeX Warning: Citation `johnson1991' on page 4 undefined on input line 26.


LaTeX Warning: Citation `vaughan1988' on page 4 undefined on input line 26.


LaTeX Warning: Citation `takebayashi2023' on page 4 undefined on input line 26.



LaTeX Warning: Citation `biswas2021' on page 4 undefined on input line 26.


LaTeX Warning: Citation `ueda2001' on page 4 undefined on input line 26.

) (./sections/tables/tab_m1_biswas.tex

LaTeX Warning: Citation `biswas2021' on page 4 undefined on input line 3.


LaTeX Font Warning: Font shape `OT1/ptm/m/scit' undefined
(Font)              using `OT1/ptm/m/it' instead on input line 3.

)

LaTeX Warning: Citation `vaughan1988' on page 4 undefined on input line 18.

[4]
Underfull \vbox (badness 10000) has occurred while \output is active []



LaTeX Warning: Citation `vaughan1988' on page 5 undefined on input line 19.


LaTeX Warning: Citation `johnson1991' on page 5 undefined on input line 19.


LaTeX Warning: Citation `vanhaastert1984' on page 5 undefined on input line 19.



Underfull \vbox (badness 10000) has occurred while \output is active []

 [5]

LaTeX Warning: Citation `kamino2017' on page 6 undefined on input line 20.


LaTeX Warning: Citation `biswas2021' on page 6 undefined on input line 24.


LaTeX Warning: Citation `vanhaastert1984' on page 6 undefined on input line 24.



LaTeX Warning: Citation `biswas2021' on page 6 undefined on input line 25.


LaTeX Warning: Citation `biswas2021' on page 6 undefined on input line 26.


LaTeX Warning: Citation `takebayashi2023' on page 6 undefined on input line 27.



LaTeX Warning: Citation `biswas2021' on page 6 undefined on input line 27.


LaTeX Warning: Citation `ueda2001' on page 6 undefined on input line 27.


LaTeX Warning: Citation `kim1997' on page 6 undefined on input line 31.


LaTeX Warning: Citation `vanhaastert1984' on page 6 undefined on input line 33.



LaTeX Warning: Citation `vaughan1988' on page 6 undefined on input line 33.


LaTeX Warning: Citation `caterina1995b' on page 6 undefined on input line 34.

) (./sections/m2.tex

LaTeX Warning: Citation `janetopoulos2001' on page 6 undefined on input line 5.



LaTeX Warning: Citation `kortholt2013' on page 6 undefined on input line 7.


LaTeX Warning: Citation `kataria2013' on page 6 undefined on input line 7.


LaTeX Warning: Citation `biswas2021' on page 6 undefined on input line 8.

(./sections/tables/tab_m2_rxn.tex) (./sections/tables/tab_m2_const.tex

LaTeX Warning: Citation `biswas2021' on page 6 undefined on input line 21.


LaTeX Warning: Citation `biswas2021' on page 6 undefined on input line 21.


LaTeX Warning: Citation `janetopoulos2001' on page 6 undefined on input line 21
.


LaTeX Warning: Citation `janetopoulos2001' on page 6 undefined on input line 21
.


LaTeX Warning: Citation `biswas2021' on page 6 undefined on input line 21.


LaTeX Warning: Citation `biswas2021' on page 6 undefined on input line 21.


LaTeX Warning: Citation `biswas2021' on page 6 undefined on input line 21.


LaTeX Warning: Citation `elzie2009' on page 6 undefined on input line 21.

)

LaTeX Warning: Citation `janetopoulos2001' on page 6 undefined on input line 17
.


LaTeX Warning: Citation `biswas2021' on page 6 undefined on input line 23.


LaTeX Warning: Citation `janetopoulos2001' on page 6 undefined on input line 23
.


LaTeX Warning: Citation `biswas2021' on page 6 undefined on input line 24.


LaTeX Warning: Citation `biswas2021' on page 6 undefined on input line 35.


LaTeX Warning: Citation `biswas2021' on page 6 undefined on input line 37.

) (./sections/m3.tex [6]

LaTeX Warning: Citation `kae2004' on page 7 undefined on input line 5.


LaTeX Warning: Citation `sasaki2004' on page 7 undefined on input line 5.


LaTeX Warning: Citation `takeda2012' on page 7 undefined on input line 5.


LaTeX Warning: Citation `takeda2012' on page 7 undefined on input line 6.


LaTeX Warning: Citation `levchenko2002' on page 7 undefined on input line 7.


LaTeX Warning: Citation `ma2004' on page 7 undefined on input line 7.


LaTeX Warning: Citation `goentoro2009' on page 7 undefined on input line 7.


LaTeX Warning: Citation `zhang2008' on page 7 undefined on input line 8.


LaTeX Warning: Citation `nakajima2014' on page 7 undefined on input line 9.


LaTeX Warning: Citation `fukushima2019' on page 7 undefined on input line 10.


LaTeX Warning: Citation `miao2017' on page 7 undefined on input line 10.


LaTeX Warning: Citation `devreotes2017' on page 7 undefined on input line 10.


LaTeX Warning: Citation `iglesias2012' on page 7 undefined on input line 10.


LaTeX Warning: Citation `takeda2012' on page 7 undefined on input line 12.

(./sections/tables/tab_m3_rxn.tex) (./sections/tables/tab_m3_const.tex

LaTeX Warning: Citation `kae2007' on page 7 undefined on input line 31.


LaTeX Warning: Citation `zhang2008' on page 7 undefined on input line 31.


LaTeX Warning: Citation `kortholt2013' on page 7 undefined on input line 31.


LaTeX Warning: Citation `kae2004' on page 7 undefined on input line 31.


LaTeX Warning: Citation `takeda2012' on page 7 undefined on input line 31.


LaTeX Warning: Citation `takeda2012' on page 7 undefined on input line 31.


LaTeX Warning: Citation `goentoro2009' on page 7 undefined on input line 31.


LaTeX Warning: Citation `takeda2012' on page 7 undefined on input line 31.


LaTeX Warning: Citation `zhang2008' on page 7 undefined on input line 31.


LaTeX Warning: Citation `xu2021c2gap' on page 7 undefined on input line 31.


LaTeX Warning: Citation `wiesmuller1992' on page 7 undefined on input line 31.


LaTeX Warning: Citation `coyle2016' on page 7 undefined on input line 31.


LaTeX Warning: Citation `sasaki2004' on page 7 undefined on input line 31.


LaTeX Warning: Citation `fukushima2019' on page 7 undefined on input line 31.


LaTeX Warning: Citation `kataria2013' on page 7 undefined on input line 31.


LaTeX Warning: Reference `sec:m4' on page 7 undefined on input line 31.

)

LaTeX Warning: Citation `kae2007' on page 7 undefined on input line 19.


LaTeX Warning: Citation `kortholt2013' on page 7 undefined on input line 19.


Underfull \hbox (badness 2173) in paragraph at lines 20--21
[]\OT1/ptm/m/n/10 The ac-tive GEF ex-changes GDP for GTP on
 []


LaTeX Warning: Citation `zhang2008' on page 7 undefined on input line 21.


LaTeX Warning: Citation `xu2021c2gap' on page 7 undefined on input line 21.

[7]
Underfull \vbox (badness 10000) has occurred while \output is active []



LaTeX Warning: Citation `nakajima2014' on page 8 undefined on input line 23.


LaTeX Warning: Citation `wiesmuller1992' on page 8 undefined on input line 23.


LaTeX Warning: Citation `coyle2016' on page 8 undefined on input line 23.


Underfull \hbox (badness 7576) in paragraph at lines 23--24
[]\OT1/ptm/m/n/10 The ac-tive GAP hy-drol-y-ses RasG-GTP with
 []


Underfull \vbox (badness 10000) has occurred while \output is active []

 [8]

LaTeX Warning: Citation `sasaki2004' on page 9 undefined on input line 24.


LaTeX Warning: Citation `fukushima2019' on page 9 undefined on input line 24.


LaTeX Warning: Citation `kataria2013' on page 9 undefined on input line 24.


LaTeX Warning: Citation `charest2010' on page 9 undefined on input line 25.


LaTeX Warning: Citation `miao2017' on page 9 undefined on input line 25.


LaTeX Warning: Citation `charest2010' on page 9 undefined on input line 25.


LaTeX Warning: Citation `miao2017' on page 9 undefined on input line 25.


LaTeX Warning: Reference `tab:hill' on page 9 undefined on input line 36.

) (./sections/m4.tex
Underfull \vbox (badness 10000) has occurred while \output is active []



LaTeX Warning: Citation `funamoto2002' on page 9 undefined on input line 4.


LaTeX Warning: Citation `iijima2002' on page 9 undefined on input line 4.


LaTeX Warning: Citation `huang2003' on page 9 undefined on input line 5.


LaTeX Warning: Citation `parent1998' on page 9 undefined on input line 6.


LaTeX Warning: Citation `postma2003' on page 9 undefined on input line 6.


LaTeX Warning: Citation `sasaki2004' on page 9 undefined on input line 7.


LaTeX Warning: Citation `fukushima2019' on page 9 undefined on input line 7.


LaTeX Warning: Citation `matsuoka2018' on page 9 undefined on input line 7.


LaTeX Warning: Citation `miao2017' on page 9 undefined on input line 8.


LaTeX Warning: Citation `charest2010' on page 9 undefined on input line 8.

(./sections/tables/tab_m4_rxn.tex) (./sections/tables/tab_m4_const.tex

LaTeX Warning: Reference `sec:m4' on page 9 undefined on input line 3.


LaTeX Warning: Citation `sasaki2004' on page 9 undefined on input line 32.


LaTeX Warning: Citation `fukushima2019' on page 9 undefined on input line 32.


LaTeX Warning: Citation `huang2003' on page 9 undefined on input line 32.


LaTeX Warning: Citation `funamoto2002' on page 9 undefined on input line 32.


LaTeX Warning: Citation `iijima2002' on page 9 undefined on input line 32.


LaTeX Warning: Reference `sec:hill' on page 9 undefined on input line 32.


LaTeX Warning: Citation `iijima2002' on page 9 undefined on input line 32.


LaTeX Warning: Citation `huang2003' on page 9 undefined on input line 32.

)

LaTeX Warning: Citation `huang2003' on page 9 undefined on input line 16.


LaTeX Warning: Citation `matsuoka2018' on page 9 undefined on input line 19.


LaTeX Warning: Citation `iijima2002' on page 9 undefined on input line 20.


LaTeX Warning: Citation `huang2003' on page 9 undefined on input line 20.


Underfull \hbox (badness 3679) in paragraph at lines 20--21
[]\OT1/ptm/m/n/10 Membrane PTEN re-moves the 3-phosphate of
 []


LaTeX Warning: Citation `li2018' on page 9 undefined on input line 21.


LaTeX Warning: Citation `meili1999' on page 9 undefined on input line 22.


LaTeX Warning: Citation `kamimura2008' on page 9 undefined on input line 23.


LaTeX Warning: Citation `kamimura2010' on page 9 undefined on input line 23.

[9]
Underfull \vbox (badness 10000) has occurred while \output is active []



LaTeX Warning: Citation `charest2010' on page 10 undefined on input line 24.


Underfull \hbox (badness 5316) in paragraph at lines 24--25
\OT1/ptm/m/n/10 The lit-er-a-ture tar-get of the feed-back is the
 []


Underfull \vbox (badness 10000) has occurred while \output is active []

 [10]

LaTeX Warning: Citation `meili1999' on page 11 undefined on input line 26.


LaTeX Warning: Citation `meili2000' on page 11 undefined on input line 26.


Underfull \hbox (badness 6252) in paragraph at lines 26--27
\OT1/ptm/m/n/10 PkbA (with a PH do-main, re-cruited by PIP3) and
 []


LaTeX Warning: Citation `cai2010' on page 11 undefined on input line 41.

) (./sections/m8.tex

LaTeX Warning: Citation `kae2007' on page 11 undefined on input line 5.


LaTeX Warning: Citation `cai2010' on page 11 undefined on input line 6.


LaTeX Warning: Citation `kamimura2008' on page 11 undefined on input line 7.


LaTeX Warning: Citation `meili2000' on page 11 undefined on input line 8.


LaTeX Warning: Citation `charest2010' on page 11 undefined on input line 9.


LaTeX Warning: Citation `scavello2017' on page 11 undefined on input line 9.


LaTeX Warning: Citation `insall1994' on page 11 undefined on input line 10.


LaTeX Warning: Citation `comer2005' on page 11 undefined on input line 10.


LaTeX Warning: Citation `parent1998' on page 11 undefined on input line 10.

(./sections/tables/tab_m8_rxn.tex

LaTeX Warning: Reference `sec:hill' on page 11 undefined on input line 3.

) (./sections/tables/tab_m8_const_a.tex

LaTeX Warning: Citation `kae2007' on page 11 undefined on input line 22.


LaTeX Warning: Citation `charest2010' on page 11 undefined on input line 22.


LaTeX Warning: Citation `kae2007' on page 11 undefined on input line 22.


LaTeX Warning: Citation `cai2010' on page 11 undefined on input line 22.


LaTeX Warning: Citation `charest2010' on page 11 undefined on input line 22.


LaTeX Warning: Citation `kamimura2008' on page 11 undefined on input line 22.


LaTeX Warning: Citation `meili2000' on page 11 undefined on input line 22.


LaTeX Warning: Citation `kamimura2008' on page 11 undefined on input line 22.

) (./sections/tables/tab_m8_const_b.tex

LaTeX Warning: Citation `kamimura2008' on page 11 undefined on input line 25.


LaTeX Warning: Citation `cai2010' on page 11 undefined on input line 25.


LaTeX Warning: Citation `insall1994' on page 11 undefined on input line 25.


LaTeX Warning: Citation `parent1998' on page 11 undefined on input line 25.


LaTeX Warning: Citation `comer2005' on page 11 undefined on input line 25.


LaTeX Warning: Citation `kamimura2008' on page 11 undefined on input line 25.


LaTeX Warning: Reference `sec:hill' on page 11 undefined on input line 25.


LaTeX Warning: Citation `scavello2017' on page 11 undefined on input line 25.


LaTeX Warning: Citation `laub1998' on page 11 undefined on input line 25.

)

LaTeX Warning: Citation `kae2007' on page 11 undefined on input line 20.


LaTeX Warning: Citation `charest2010' on page 11 undefined on input line 21.


LaTeX Warning: Citation `cai2010' on page 11 undefined on input line 24.


LaTeX Warning: Citation `charest2010' on page 11 undefined on input line 24.


Underfull \hbox (badness 2005) in paragraph at lines 25--26
[]\OT1/ptm/m/n/10 TORC2$[]$ phos-pho-ry-lates the membrane-anchored
 []


LaTeX Warning: Citation `scavello2017' on page 11 undefined on input line 26.


Underfull \hbox (badness 2503) in paragraph at lines 27--28
[]\OT1/ptm/m/n/10 Both PKBs phos-pho-ry-late the membrane-bound
 []


LaTeX Warning: Citation `parent1998' on page 11 undefined on input line 28.


LaTeX Warning: Citation `comer2005' on page 11 undefined on input line 28.


LaTeX Warning: Citation `kamimura2008' on page 11 undefined on input line 28.


Underfull \hbox (badness 10000) in paragraph at lines 28--29
\OT1/ptm/m/n/10 membrane-bound CRAC$[]$ and phos-pho-ry-lated
 []


Underfull \hbox (badness 2103) in paragraph at lines 28--29
\OT1/ptm/m/n/10 sep-a-rate steps: CRAC is a PH-domain pro-tein
 []


Underfull \hbox (badness 2469) in paragraph at lines 28--29
\OT1/ptm/m/n/10 and the re-lay do not re-quire PIP3 [\OT1/ptm/b/n/10 ?\OT1/ptm/
m/n/10 ]. PIP3
 []


Underfull \hbox (badness 1715) in paragraph at lines 28--29
\OT1/ptm/m/n/10 mem-brane (8.9, 8b.3). De-phos-pho-ry-la-tion (8.10)
 []

[11]
Underfull \vbox (badness 10000) has occurred while \output is active []



LaTeX Warning: Citation `kae2004' on page 12 undefined on input line 43.

) (./sections/m9.tex
Underfull \vbox (badness 10000) has occurred while \output is active []

 [12]

LaTeX Warning: Citation `pitt1992' on page 13 undefined on input line 4.


LaTeX Warning: Citation `insall1994' on page 13 undefined on input line 5.


LaTeX Warning: Citation `segall1995' on page 13 undefined on input line 5.


LaTeX Warning: Citation `cai2010' on page 13 undefined on input line 5.


LaTeX Warning: Citation `miranda2015' on page 13 undefined on input line 6.


LaTeX Warning: Citation `dinauer1980' on page 13 undefined on input line 6.


LaTeX Warning: Citation `devreotes1979' on page 13 undefined on input line 7.


Underfull \vbox (badness 10000) has occurred while \output is active []


(./sections/tables/tab_m9_rxn.tex) (./sections/tables/tab_m9_const.tex

LaTeX Warning: Citation `devreotes1979' on page 13 undefined on input line 21.


LaTeX Warning: Citation `miranda2015' on page 13 undefined on input line 21.


LaTeX Warning: Citation `dinauer1980' on page 13 undefined on input line 21.


LaTeX Warning: Citation `laub1998' on page 13 undefined on input line 21.


LaTeX Warning: Citation `cai2010' on page 13 undefined on input line 21.

)

LaTeX Warning: Citation `dinauer1980' on page 13 undefined on input line 15.


LaTeX Warning: Citation `laub1998' on page 13 undefined on input line 16.


LaTeX Warning: Citation `cai2010' on page 13 undefined on input line 17.

[13]

LaTeX Warning: Citation `laub1998' on page 14 undefined on input line 21.


LaTeX Warning: Citation `devreotes1979' on page 14 undefined on input line 22.


LaTeX Warning: Citation `dinauer1980' on page 14 undefined on input line 26.

) (./sections/m10.tex

LaTeX Warning: Citation `bader2007' on page 14 undefined on input line 4.


LaTeX Warning: Citation `thomason1999' on page 14 undefined on input line 5.


LaTeX Warning: Citation `thomason1998' on page 14 undefined on input line 5.


LaTeX Warning: Citation `shaulsky1998' on page 14 undefined on input line 6.


LaTeX Warning: Citation `laub1998' on page 14 undefined on input line 7.


LaTeX Warning: Citation `maeda2004' on page 14 undefined on input line 7.


LaTeX Warning: Citation `aubry1997' on page 14 undefined on input line 8.


Underfull \hbox (badness 2980) in paragraph at lines 4--10
 \OT1/ptm/m/it/10 a) Role.: [][] \OT1/ptm/m/n/10 The in-tra-cel-lu-lar phos-pho
-di-esterase RegA
 []

(./sections/tables/tab_m10_rxn.tex) (./sections/tables/tab_m10_const.tex

LaTeX Warning: Citation `thomason1999' on page 14 undefined on input line 24.


LaTeX Warning: Citation `thomason1998' on page 14 undefined on input line 24.


LaTeX Warning: Citation `thomason1999' on page 14 undefined on input line 24.


LaTeX Warning: Citation `laub1998' on page 14 undefined on input line 24.


LaTeX Warning: Citation `maeda2004' on page 14 undefined on input line 24.


LaTeX Warning: Citation `laub1998' on page 14 undefined on input line 24.


LaTeX Warning: Citation `thomason1998' on page 14 undefined on input line 24.


LaTeX Warning: Citation `thomason1999' on page 14 undefined on input line 24.


LaTeX Warning: Citation `laub1998' on page 14 undefined on input line 24.


LaTeX Warning: Citation `laub1998' on page 14 undefined on input line 24.


LaTeX Warning: Citation `laub1998' on page 14 undefined on input line 24.


LaTeX Warning: Citation `aubry1997' on page 14 undefined on input line 24.

)

LaTeX Warning: Citation `thomason1999' on page 14 undefined on input line 16.


LaTeX Warning: Citation `maeda2004' on page 14 undefined on input line 17.


LaTeX Warning: Citation `thomason1999' on page 14 undefined on input line 19.


LaTeX Warning: Citation `laub1998' on page 14 undefined on input line 21.


LaTeX Warning: Citation `aubry1997' on page 14 undefined on input line 21.

[14]) (./sections/m11.tex

LaTeX Warning: Citation `sucgang1997' on page 15 undefined on input line 4.


LaTeX Warning: Citation `bader2007' on page 15 undefined on input line 4.


LaTeX Warning: Citation `garcia2009' on page 15 undefined on input line 5.


LaTeX Warning: Citation `sucgang1997' on page 15 undefined on input line 5.


LaTeX Warning: Citation `faure1990' on page 15 undefined on input line 6.


LaTeX Warning: Citation `weening2003' on page 15 undefined on input line 6.


LaTeX Warning: Citation `franke1981' on page 15 undefined on input line 7.


LaTeX Warning: Citation `franke1981' on page 15 undefined on input line 7.


LaTeX Warning: Citation `yeh1978' on page 15 undefined on input line 7.

[15] (./sections/tables/tab_m11_rxn.tex

LaTeX Warning: Reference `sec:hill' on page 16 undefined on input line 3.

) (./sections/tables/tab_m11_const.tex

LaTeX Warning: Citation `laub1998' on page 16 undefined on input line 27.


LaTeX Warning: Citation `bader2007' on page 16 undefined on input line 27.


LaTeX Warning: Reference `sec:m11' on page 16 undefined on input line 27.


LaTeX Warning: Citation `faure1990' on page 16 undefined on input line 27.


LaTeX Warning: Citation `weening2003' on page 16 undefined on input line 27.


LaTeX Warning: Citation `franke1981' on page 16 undefined on input line 27.


LaTeX Warning: Citation `yeh1978' on page 16 undefined on input line 27.


LaTeX Warning: Citation `franke1981' on page 16 undefined on input line 27.


LaTeX Warning: Citation `dworkin1977' on page 16 undefined on input line 27.

)

LaTeX Warning: Citation `yeh1978' on page 16 undefined on input line 19.


LaTeX Warning: Citation `franke1981' on page 16 undefined on input line 20.


Underfull \vbox (badness 10000) has occurred while \output is active []



LaTeX Warning: Citation `franke1981' on page 16 undefined on input line 34.


LaTeX Warning: Citation `laub1998' on page 16 undefined on input line 35.


LaTeX Warning: Citation `dworkin1977' on page 16 undefined on input line 36.

) (./sections/mmem.tex
Underfull \vbox (badness 10000) has occurred while \output is active []

 [16]

LaTeX Warning: Citation `skoge2014' on page 17 undefined on input line 3.


LaTeX Warning: Reference `tab:mmemconst' on page 17 undefined on input line 6.

(./sections/tables/tab_mmem_rxn.tex) (./sections/tables/tab_mmem_const.tex

LaTeX Warning: Citation `skoge2014' on page 17 undefined on input line 17.

)))
No file Main.bbl.
[17] [18] (./Main.aux)
 ***********
LaTeX2e <2023-11-01> patch level 1
L3 programming layer <2024-01-22>
 ***********


LaTeX Warning: There were undefined references.


LaTeX Warning: Label(s) may have changed. Rerun to get cross-references right.

 ) 
Here is how much of TeX's memory you used:
 23651 strings out of 476000
 521980 string characters out of 5789887
 1967975 words of memory out of 5000000
 45138 multiletter control sequences out of 15000+600000
 606599 words of font info for 134 fonts, out of 8000000 for 9000
 85 hyphenation exceptions out of 8191
 84i,15n,93p,983b,532s stack positions out of 10000i,1000n,20000p,200000b,200000s
</usr/share/texlive/texmf-dist/fonts/type1/public/amsfonts/cm/cmex10.pfb></us
r/share/texlive/texmf-dist/fonts/type1/public/amsfonts/cmextra/cmex8.pfb></usr/
share/texlive/texmf-dist/fonts/type1/public/amsfonts/cm/cmmi10.pfb></usr/share/
texlive/texmf-dist/fonts/type1/public/amsfonts/cm/cmmi5.pfb></usr/share/texlive
/texmf-dist/fonts/type1/public/amsfonts/cm/cmmi6.pfb></usr/share/texlive/texmf-
dist/fonts/type1/public/amsfonts/cm/cmmi7.pfb></usr/share/texlive/texmf-dist/fo
nts/type1/public/amsfonts/cm/cmmi8.pfb></usr/share/texlive/texmf-dist/fonts/typ
e1/public/amsfonts/cm/cmr10.pfb></usr/share/texlive/texmf-dist/fonts/type1/publ
ic/amsfonts/cm/cmr5.pfb></usr/share/texlive/texmf-dist/fonts/type1/public/amsfo
nts/cm/cmr6.pfb></usr/share/texlive/texmf-dist/fonts/type1/public/amsfonts/cm/c
mr7.pfb></usr/share/texlive/texmf-dist/fonts/type1/public/amsfonts/cm/cmr8.pfb>
</usr/share/texlive/texmf-dist/fonts/type1/public/amsfonts/cm/cmsy10.pfb></usr/
share/texlive/texmf-dist/fonts/type1/public/amsfonts/cm/cmsy5.pfb></usr/share/t
exlive/texmf-dist/fonts/type1/public/amsfonts/cm/cmsy6.pfb></usr/share/texlive/
texmf-dist/fonts/type1/public/amsfonts/cm/cmsy7.pfb></usr/share/texlive/texmf-d
ist/fonts/type1/public/amsfonts/cm/cmsy8.pfb></usr/share/texlive/texmf-dist/fon
ts/type1/public/amsfonts/symbols/msam10.pfb></usr/share/texlive/texmf-dist/font
s/type1/public/amsfonts/symbols/msbm10.pfb></usr/share/texlive/texmf-dist/fonts
/type1/urw/times/utmb8a.pfb></usr/share/texlive/texmf-dist/fonts/type1/urw/time
s/utmbi8a.pfb></usr/share/texlive/texmf-dist/fonts/type1/urw/times/utmr8a.pfb><
/usr/share/texlive/texmf-dist/fonts/type1/urw/times/utmri8a.pfb>
Output written on Main.pdf (18 pages, 385724 bytes).
PDF statistics:
 182 PDF objects out of 1000 (max. 8388607)
 114 compressed objects within 2 object streams
 0 named destinations out of 1000 (max. 500000)
 13 words of extra memory for PDF output out of 10000 (max. 10000000)

